nohup: ignoring input
2026-01-01T17:40:00.003302Z  INFO vector::app: Log level is enabled. level="info"
2026-01-01T17:40:00.004318Z  INFO vector::app: Loading configs. paths=["/root/ebpf_rust/vector/rpcli.toml", "/root/ebpf_rust/vector/rpcli_proxy.toml", "/root/ebpf_rust/vector/rpcqi.toml", "/root/ebpf_rust/vector/rpcqi_proxy.toml"]
2026-01-01T17:40:00.124506Z  INFO vector::topology::running: Running healthchecks.
2026-01-01T17:40:00.124702Z  INFO vector: Vector has started. debug="false" version="0.51.1" arch="x86_64" revision="44c8f1c 2025-11-13 15:16:05.303418529"
2026-01-01T17:40:00.124720Z  INFO vector::app: API is disabled, enable by setting `api.enabled` to `true` and use commands like `vector top`.
2026-01-01T17:40:00.124766Z  INFO source{component_kind="source" component_id=rpcli_proxy_source component_type=file}: vector::sources::file: Starting file server. include=["/root/ebpf_rust/logs/rpcli_proxy.log"] exclude=[]
2026-01-01T17:40:00.124831Z  INFO source{component_kind="source" component_id=rpcli_source component_type=file}: vector::sources::file: Starting file server. include=["/root/ebpf_rust/logs/rpcli.log"] exclude=[]
2026-01-01T17:40:00.125174Z  INFO source{component_kind="source" component_id=rpcqi_proxy_source component_type=file}: vector::sources::file: Starting file server. include=["/root/ebpf_rust/logs/rpcqi_proxy.log"] exclude=[]
2026-01-01T17:40:00.126056Z  INFO source{component_kind="source" component_id=rpcqi_source component_type=file}: vector::sources::file: Starting file server. include=["/root/ebpf_rust/logs/rpcqi.log"] exclude=[]
2026-01-01T17:40:00.130224Z  INFO vector::topology::builder: Healthcheck passed.
2026-01-01T17:40:00.130261Z  INFO vector::topology::builder: Internal log [Healthcheck passed.] is being suppressed to avoid flooding.
2026-01-01T17:40:00.130427Z  INFO source{component_kind="source" component_id=rpcqi_proxy_source component_type=file}:file_server: file_source_common::checkpointer: Loaded checkpoint data.
2026-01-01T17:40:00.130489Z  INFO source{component_kind="source" component_id=rpcli_proxy_source component_type=file}:file_server: file_source_common::checkpointer: Loaded checkpoint data.
2026-01-01T17:40:00.130514Z  INFO source{component_kind="source" component_id=rpcqi_source component_type=file}:file_server: file_source_common::checkpointer: Loaded checkpoint data.
2026-01-01T17:40:00.130373Z  INFO source{component_kind="source" component_id=rpcli_source component_type=file}:file_server: file_source_common::checkpointer: Loaded checkpoint data.
2026-01-01T17:40:00.131261Z  INFO source{component_kind="source" component_id=rpcqi_proxy_source component_type=file}:file_server: vector::internal_events::file::source: Resuming to watch file. file=/root/ebpf_rust/logs/rpcqi_proxy.log file_position=16559
2026-01-01T17:40:00.131262Z  INFO source{component_kind="source" component_id=rpcqi_source component_type=file}:file_server: vector::internal_events::file::source: Resuming to watch file. file=/root/ebpf_rust/logs/rpcqi.log file_position=24577
2026-01-01T17:40:00.131393Z  INFO source{component_kind="source" component_id=rpcli_source component_type=file}:file_server: vector::internal_events::file::source: Resuming to watch file. file=/root/ebpf_rust/logs/rpcli.log file_position=192
2026-01-01T17:40:00.131446Z  INFO source{component_kind="source" component_id=rpcli_proxy_source component_type=file}:file_server: vector::internal_events::file::source: Resuming to watch file. file=/root/ebpf_rust/logs/rpcli_proxy.log file_position=211206
2026-01-01T17:40:20.659719Z ERROR transform{component_kind="transform" component_id=rpcqi_parse component_type=remap}: vector::internal_events::remap: Mapping failed with event. error="function call error for \"parse_key_value\" at (4:30): 0: in Verify, got empty input\n\n" error_type="conversion_failed" stage="processing"
2026-01-01T17:40:20.659981Z ERROR transform{component_kind="transform" component_id=rpcqi_parse component_type=remap}: vector::internal_events::remap: Internal log [Mapping failed with event.] is being suppressed to avoid flooding.
2026-01-01T17:40:24.742582Z ERROR transform{component_kind="transform" component_id=rpcqi_proxy_parse component_type=remap}: vector::internal_events::remap: Mapping failed with event. error="function call error for \"parse_key_value\" at (4:30): 0: in Verify, got empty input\n\n" error_type="conversion_failed" stage="processing"
2026-01-01T17:40:24.742739Z ERROR transform{component_kind="transform" component_id=rpcqi_proxy_parse component_type=remap}: vector::internal_events::remap: Internal log [Mapping failed with event.] is being suppressed to avoid flooding.
2026-01-01T17:40:26.785623Z ERROR transform{component_kind="transform" component_id=rpcli_parse component_type=remap}: vector::internal_events::remap: Mapping failed with event. error="function call error for \"parse_json\" at (4:25): unable to parse json: trailing characters at line 1 column 2" error_type="conversion_failed" stage="processing"
2026-01-01T17:40:26.785676Z ERROR transform{component_kind="transform" component_id=rpcli_parse component_type=remap}: vector::internal_events::remap: Internal log [Mapping failed with event.] is being suppressed to avoid flooding.
2026-01-01T17:40:59.631754Z ERROR transform{component_kind="transform" component_id=rpcqi_parse component_type=remap}: vector::internal_events::remap: Internal log [Mapping failed with event.] has been suppressed 20 times.
2026-01-01T17:40:59.631784Z ERROR transform{component_kind="transform" component_id=rpcqi_parse component_type=remap}: vector::internal_events::remap: Mapping failed with event. error="function call error for \"parse_key_value\" at (4:30): 0: in Verify, got empty input\n\n" error_type="conversion_failed" stage="processing"
2026-01-01T17:40:59.631802Z ERROR transform{component_kind="transform" component_id=rpcqi_parse component_type=remap}: vector::internal_events::remap: Internal log [Mapping failed with event.] is being suppressed to avoid flooding.
2026-01-01T17:41:07.823632Z ERROR transform{component_kind="transform" component_id=rpcqi_proxy_parse component_type=remap}: vector::internal_events::remap: Internal log [Mapping failed with event.] has been suppressed 18 times.
2026-01-01T17:41:07.823662Z ERROR transform{component_kind="transform" component_id=rpcqi_proxy_parse component_type=remap}: vector::internal_events::remap: Mapping failed with event. error="function call error for \"parse_key_value\" at (4:30): 0: in Verify, got empty input\n\n" error_type="conversion_failed" stage="processing"
2026-01-01T17:41:07.823745Z ERROR transform{component_kind="transform" component_id=rpcqi_proxy_parse component_type=remap}: vector::internal_events::remap: Internal log [Mapping failed with event.] is being suppressed to avoid flooding.
2026-01-01T17:41:32.462561Z ERROR transform{component_kind="transform" component_id=rpcqi_parse component_type=remap}: vector::internal_events::remap: Internal log [Mapping failed with event.] has been suppressed 23 times.
2026-01-01T17:41:32.462601Z ERROR transform{component_kind="transform" component_id=rpcqi_parse component_type=remap}: vector::internal_events::remap: Mapping failed with event. error="function call error for \"parse_key_value\" at (4:30): 0: in Verify, got empty input\n\n" error_type="conversion_failed" stage="processing"
2026-01-01T17:41:32.462727Z ERROR transform{component_kind="transform" component_id=rpcqi_parse component_type=remap}: vector::internal_events::remap: Internal log [Mapping failed with event.] is being suppressed to avoid flooding.
2026-01-01T17:41:52.964293Z ERROR transform{component_kind="transform" component_id=rpcqi_proxy_parse component_type=remap}: vector::internal_events::remap: Internal log [Mapping failed with event.] has been suppressed 20 times.
2026-01-01T17:41:52.964323Z ERROR transform{component_kind="transform" component_id=rpcqi_proxy_parse component_type=remap}: vector::internal_events::remap: Mapping failed with event. error="function call error for \"parse_key_value\" at (4:30): 0: in Verify, got empty input\n\n" error_type="conversion_failed" stage="processing"
2026-01-01T17:41:52.964348Z ERROR transform{component_kind="transform" component_id=rpcqi_proxy_parse component_type=remap}: vector::internal_events::remap: Internal log [Mapping failed with event.] is being suppressed to avoid flooding.
2026-01-01T17:41:59.138944Z ERROR transform{component_kind="transform" component_id=rpcqi_parse component_type=remap}: vector::internal_events::remap: Internal log [Mapping failed with event.] has been suppressed 24 times.
2026-01-01T17:41:59.139106Z ERROR transform{component_kind="transform" component_id=rpcqi_parse component_type=remap}: vector::internal_events::remap: Mapping failed with event. error="function call error for \"parse_key_value\" at (4:30): 0: in Verify, got empty input\n\n" error_type="conversion_failed" stage="processing"
2026-01-01T17:41:59.139275Z ERROR transform{component_kind="transform" component_id=rpcqi_parse component_type=remap}: vector::internal_events::remap: Internal log [Mapping failed with event.] is being suppressed to avoid flooding.
2026-01-01T17:42:17.591391Z ERROR transform{component_kind="transform" component_id=rpcqi_proxy_parse component_type=remap}: vector::internal_events::remap: Internal log [Mapping failed with event.] has been suppressed 26 times.
2026-01-01T17:42:17.591420Z ERROR transform{component_kind="transform" component_id=rpcqi_proxy_parse component_type=remap}: vector::internal_events::remap: Mapping failed with event. error="function call error for \"parse_key_value\" at (4:30): 0: in Verify, got empty input\n\n" error_type="conversion_failed" stage="processing"
2026-01-01T17:42:17.591502Z ERROR transform{component_kind="transform" component_id=rpcqi_proxy_parse component_type=remap}: vector::internal_events::remap: Internal log [Mapping failed with event.] is being suppressed to avoid flooding.
2026-01-01T17:42:38.059881Z ERROR transform{component_kind="transform" component_id=rpcli_parse component_type=remap}: vector::internal_events::remap: Internal log [Mapping failed with event.] has been suppressed 210 times.
2026-01-01T17:42:38.059917Z ERROR transform{component_kind="transform" component_id=rpcli_parse component_type=remap}: vector::internal_events::remap: Mapping failed with event. error="function call error for \"parse_json\" at (4:25): unable to parse json: expected value at line 1 column 1" error_type="conversion_failed" stage="processing"
2026-01-01T17:42:38.059937Z ERROR transform{component_kind="transform" component_id=rpcli_parse component_type=remap}: vector::internal_events::remap: Internal log [Mapping failed with event.] is being suppressed to avoid flooding.
2026-01-01T17:42:38.633094Z ERROR transform{component_kind="transform" component_id=rpcqi_parse component_type=remap}: vector::internal_events::remap: Internal log [Mapping failed with event.] has been suppressed 23 times.
2026-01-01T17:42:38.633125Z ERROR transform{component_kind="transform" component_id=rpcqi_parse component_type=remap}: vector::internal_events::remap: Mapping failed with event. error="function call error for \"parse_key_value\" at (4:30): 0: in Verify, got empty input\n\n" error_type="conversion_failed" stage="processing"
2026-01-01T17:42:38.633200Z ERROR transform{component_kind="transform" component_id=rpcqi_parse component_type=remap}: vector::internal_events::remap: Internal log [Mapping failed with event.] is being suppressed to avoid flooding.
2026-01-01T17:42:50.427281Z ERROR transform{component_kind="transform" component_id=rpcqi_proxy_parse component_type=remap}: vector::internal_events::remap: Internal log [Mapping failed with event.] has been suppressed 16 times.
2026-01-01T17:42:50.427313Z ERROR transform{component_kind="transform" component_id=rpcqi_proxy_parse component_type=remap}: vector::internal_events::remap: Mapping failed with event. error="function call error for \"parse_key_value\" at (4:30): 0: in Verify, got empty input\n\n" error_type="conversion_failed" stage="processing"
2026-01-01T17:42:50.427432Z ERROR transform{component_kind="transform" component_id=rpcqi_proxy_parse component_type=remap}: vector::internal_events::remap: Internal log [Mapping failed with event.] is being suppressed to avoid flooding.
2026-01-01T17:43:11.481062Z ERROR transform{component_kind="transform" component_id=rpcqi_parse component_type=remap}: vector::internal_events::remap: Internal log [Mapping failed with event.] has been suppressed 19 times.
2026-01-01T17:43:11.481098Z ERROR transform{component_kind="transform" component_id=rpcqi_parse component_type=remap}: vector::internal_events::remap: Mapping failed with event. error="function call error for \"parse_key_value\" at (4:30): 0: in Verify, got empty input\n\n" error_type="conversion_failed" stage="processing"
2026-01-01T17:43:11.481171Z ERROR transform{component_kind="transform" component_id=rpcqi_parse component_type=remap}: vector::internal_events::remap: Internal log [Mapping failed with event.] is being suppressed to avoid flooding.
2026-01-01T17:43:19.157684Z ERROR transform{component_kind="transform" component_id=rpcqi_proxy_parse component_type=remap}: vector::internal_events::remap: Internal log [Mapping failed with event.] has been suppressed 20 times.
2026-01-01T17:43:19.157713Z ERROR transform{component_kind="transform" component_id=rpcqi_proxy_parse component_type=remap}: vector::internal_events::remap: Mapping failed with event. error="function call error for \"parse_key_value\" at (4:30): 0: in Verify, got empty input\n\n" error_type="conversion_failed" stage="processing"
2026-01-01T17:43:19.157787Z ERROR transform{component_kind="transform" component_id=rpcqi_proxy_parse component_type=remap}: vector::internal_events::remap: Internal log [Mapping failed with event.] is being suppressed to avoid flooding.
2026-01-01T17:43:42.264493Z ERROR transform{component_kind="transform" component_id=rpcqi_parse component_type=remap}: vector::internal_events::remap: Internal log [Mapping failed with event.] has been suppressed 23 times.
2026-01-01T17:43:42.264530Z ERROR transform{component_kind="transform" component_id=rpcqi_parse component_type=remap}: vector::internal_events::remap: Mapping failed with event. error="function call error for \"parse_key_value\" at (4:30): 0: in Verify, got empty input\n\n" error_type="conversion_failed" stage="processing"
2026-01-01T17:43:42.264615Z ERROR transform{component_kind="transform" component_id=rpcqi_parse component_type=remap}: vector::internal_events::remap: Internal log [Mapping failed with event.] is being suppressed to avoid flooding.
2026-01-01T17:43:49.942606Z ERROR transform{component_kind="transform" component_id=rpcqi_proxy_parse component_type=remap}: vector::internal_events::remap: Internal log [Mapping failed with event.] has been suppressed 19 times.
2026-01-01T17:43:49.942640Z ERROR transform{component_kind="transform" component_id=rpcqi_proxy_parse component_type=remap}: vector::internal_events::remap: Mapping failed with event. error="function call error for \"parse_key_value\" at (4:30): 0: in Verify, got empty input\n\n" error_type="conversion_failed" stage="processing"
2026-01-01T17:43:49.942715Z ERROR transform{component_kind="transform" component_id=rpcqi_proxy_parse component_type=remap}: vector::internal_events::remap: Internal log [Mapping failed with event.] is being suppressed to avoid flooding.
2026-01-01T17:44:21.236350Z ERROR transform{component_kind="transform" component_id=rpcqi_parse component_type=remap}: vector::internal_events::remap: Internal log [Mapping failed with event.] has been suppressed 23 times.
2026-01-01T17:44:21.236386Z ERROR transform{component_kind="transform" component_id=rpcqi_parse component_type=remap}: vector::internal_events::remap: Mapping failed with event. error="function call error for \"parse_key_value\" at (4:30): 0: in Verify, got empty input\n\n" error_type="conversion_failed" stage="processing"
2026-01-01T17:44:21.236463Z ERROR transform{component_kind="transform" component_id=rpcqi_parse component_type=remap}: vector::internal_events::remap: Internal log [Mapping failed with event.] is being suppressed to avoid flooding.
2026-01-01T17:44:28.914311Z ERROR transform{component_kind="transform" component_id=rpcqi_proxy_parse component_type=remap}: vector::internal_events::remap: Internal log [Mapping failed with event.] has been suppressed 19 times.
2026-01-01T17:44:28.914352Z ERROR transform{component_kind="transform" component_id=rpcqi_proxy_parse component_type=remap}: vector::internal_events::remap: Mapping failed with event. error="function call error for \"parse_key_value\" at (4:30): 0: in Verify, got empty input\n\n" error_type="conversion_failed" stage="processing"
2026-01-01T17:44:28.914473Z ERROR transform{component_kind="transform" component_id=rpcqi_proxy_parse component_type=remap}: vector::internal_events::remap: Internal log [Mapping failed with event.] is being suppressed to avoid flooding.
2026-01-01T17:44:53.199506Z  INFO source{component_kind="source" component_id=rpcli_proxy_source component_type=file}:file_server: vector::internal_events::file::source: Stopped watching file. file=/root/ebpf_rust/logs/rpcli_proxy.log reached_eof="true"
2026-01-01T17:44:57.614908Z  INFO source{component_kind="source" component_id=rpcqi_proxy_source component_type=file}:file_server: vector::internal_events::file::source: Stopped watching file. file=/root/ebpf_rust/logs/rpcqi_proxy.log reached_eof="true"
2026-01-01T17:44:58.141113Z  INFO source{component_kind="source" component_id=rpcqi_source component_type=file}:file_server: vector::internal_events::file::source: Stopped watching file. file=/root/ebpf_rust/logs/rpcqi.log reached_eof="true"
2026-01-01T17:44:59.480651Z  INFO source{component_kind="source" component_id=rpcli_source component_type=file}:file_server: vector::internal_events::file::source: Stopped watching file. file=/root/ebpf_rust/logs/rpcli.log reached_eof="true"
2026-01-01T17:44:59.480970Z ERROR transform{component_kind="transform" component_id=rpcli_parse component_type=remap}: vector::internal_events::remap: Internal log [Mapping failed with event.] has been suppressed 210 times.
2026-01-01T17:44:59.480996Z ERROR transform{component_kind="transform" component_id=rpcli_parse component_type=remap}: vector::internal_events::remap: Mapping failed with event. error="function call error for \"parse_json\" at (4:25): unable to parse json: expected value at line 1 column 1" error_type="conversion_failed" stage="processing"
2026-01-01T17:45:20.680568Z  INFO source{component_kind="source" component_id=rpcqi_source component_type=file}:file_server: vector::internal_events::file::source: Found new file to watch. file=/root/ebpf_rust/logs/rpcqi.log
2026-01-01T17:45:34.501596Z  INFO source{component_kind="source" component_id=rpcqi_proxy_source component_type=file}:file_server: vector::internal_events::file::source: Found new file to watch. file=/root/ebpf_rust/logs/rpcqi_proxy.log
2026-01-01T17:58:47.342276Z  INFO source{component_kind="source" component_id=rpcli_source component_type=file}:file_server: vector::internal_events::file::source: Found new file to watch. file=/root/ebpf_rust/logs/rpcli.log
2026-01-01T17:58:49.249673Z  INFO source{component_kind="source" component_id=rpcli_proxy_source component_type=file}:file_server: vector::internal_events::file::source: Found new file to watch. file=/root/ebpf_rust/logs/rpcli_proxy.log
2026-01-01T17:59:10.030937Z  INFO vector::signal: Signal received. signal="SIGTERM"
2026-01-01T17:59:10.032826Z  INFO vector: Vector has stopped.
2026-01-01T17:59:10.038814Z  INFO vector::topology::running: Shutting down... Waiting on running components. remaining_components="rpcqi_proxy_sink, rpcqi_sink, rpcli_proxy_sink" time_remaining="59 seconds left"
